
> frontend@0.0.0 build
> vite build

[36mvite v7.3.1 [32mbuilding client environment for production...[36m[39m
transforming...
[32mΓ£ô[39m 23 modules transformed.
node.exe : 
[31mΓ£ù[39m Build 
failed in 416ms
At C:\Program Files\nod
ejs\npm.ps1:29 char:3
+   & $NODE_EXE 
$NPM_CLI_JS $args
+   ~~~~~~~~~~~~~~~~~~~
~~~~~~~~~~
    + CategoryInfo     
         : NotSpecifi  
  ed: ([31mΓ£ù[39m   
  Build failed in 4    
16ms:String) [], R    
emoteException
    + FullyQualifiedEr 
   rorId : NativeComm  
  andError
 
[31merror during 
build:
[31m[vite:esbuild] 
Transform failed with 
1 error:
C:/Users/pulig/OneDrive
/Desktop/hederau/hedera
-consent/frontend/src/p
ages/HospitalDashboard.
jsx:8:2: ERROR: 
"onRegisterHospital" 
cannot be bound 
multiple times in the 
same parameter 
list[31m
file: [36mC:/Users/pul
ig/OneDrive/Desktop/hed
erau/hedera-consent/fro
ntend/src/pages/Hospita
lDashboard.jsx:8:2[31m
[33m
[33m"onRegisterHospita
l" cannot be bound 
multiple times in the 
same parameter 
list[33m
6  |  const 
HospitalDashboard = ({
7  |    
onRegisterHospital,
8  |    
onRegisterHospital,
   |    ^
9  |    
onAccessPatientData,
10 |    
patientRegistryContract
[31m
    at 
failureErrorWithLog (C:
\Users\pulig\OneDrive\D
esktop\hederau\hedera-c
onsent\frontend\node_mo
dules\esbuild\lib\main.
js:1467:15)
    at C:\Users\pulig\O
neDrive\Desktop\hederau
\hedera-consent\fronten
d\node_modules\esbuild\
lib\main.js:736:50
    at responseCallback
s.<computed> (C:\Users\
pulig\OneDrive\Desktop\
hederau\hedera-consent\
frontend\node_modules\e
sbuild\lib\main.js:603:
9)
    at 
handleIncomingPacket (C
:\Users\pulig\OneDrive\
Desktop\hederau\hedera-
consent\frontend\node_m
odules\esbuild\lib\main
.js:658:12)
    at 
Socket.readFromStdout (
C:\Users\pulig\OneDrive
\Desktop\hederau\hedera
-consent\frontend\node_
modules\esbuild\lib\mai
n.js:581:7)
    at Socket.emit 
(node:events:507:28)
    at addChunk (node:i
nternal/streams/readabl
e:559:12)
    at readableAddChunk
PushByteMode (node:inte
rnal/streams/readable:5
10:3)
    at Readable.push (n
ode:internal/streams/re
adable:390:5)
    at 
Pipe.onStreamRead (node
:internal/stream_base_c
ommons:189:23)[39m
